Drill report for KK_power_module.kicad_pcb
Created on 2026-09-12T00:14:57

Copper Layer Stackup:
    =============================================================
    L1 :  F.Cu                      front
    L2 :  In1.Cu                    in1
    L3 :  In2.Cu                    in2
    L4 :  B.Cu                      back


Drill file 'KK_power_module-PTH.drl' contains
    plated through holes:
    =============================================================
    T1  0.200mm  0.0079"  (216 holes))
    T2  0.300mm  0.0118"  (44 holes))
    T3  0.600mm  0.0236"  (4 holes)  (with 4 slots)
    T4  0.750mm  0.0295"  (2 holes))
    T5  0.950mm  0.0374"  (4 holes))
    T6  1.700mm  0.0669"  (2 holes))

    Total plated holes count 272


Drill file 'KK_power_module-NPTH.drl' contains
    unplated through holes:
    =============================================================
    T1  0.650mm  0.0256"  (2 holes))
    T2  0.900mm  0.0354"  (2 holes))
    T3  2.200mm  0.0866"  (4 holes))

    Total unplated holes count 8
